com\bryanalexandercd\ProyectoMeii\vista\MantenimientoEditar$3.class
com\bryanalexandercd\ProyectoMeii\controlador\C_Action_Configuracion.class
com\bryanalexandercd\ProyectoMeii\controlador\C_Action_Mensual.class
com\bryanalexandercd\ProyectoMeii\controlador\C_Action_Anual.class
com\bryanalexandercd\ProyectoMeii\vista\CargarExcel$1.class
com\bryanalexandercd\ProyectoMeii\controlador\C_Action_Cliente.class
com\bryanalexandercd\ProyectoMeii\controlador\C_Action_ProveedorListar.class
com\bryanalexandercd\ProyectoMeii\controlador\C_Action_Importar.class
com\bryanalexandercd\ProyectoMeii\modelo\entidad\DetalleCotizacion.class
com\bryanalexandercd\ProyectoMeii\vista\Correo$1.class
com\bryanalexandercd\ProyectoMeii\vista\MantenimientoInsertar$1.class
com\bryanalexandercd\ProyectoMeii\vista\Backup$1.class
com\bryanalexandercd\ProyectoMeii\modelo\Reporte.class
com\bryanalexandercd\ProyectoMeii\ds\GestionBD.class
com\bryanalexandercd\ProyectoMeii\vista\CargarExcel$1$1.class
com\bryanalexandercd\ProyectoMeii\vista\Login$1.class
com\bryanalexandercd\ProyectoMeii\controlador\C_Action_DocumentoListar.class
com\bryanalexandercd\ProyectoMeii\controlador\C_Action_Ventas.class
com\bryanalexandercd\ProyectoMeii\vista\CotizarAgregar$1.class
com\bryanalexandercd\ProyectoMeii\vista\MantenimientoEditar$1$1.class
com\bryanalexandercd\ProyectoMeii\controlador\C_Action_Semanal.class
com\bryanalexandercd\ProyectoMeii\vista\ArticuloIndex$1.class
com\bryanalexandercd\ProyectoMeii\controlador\C_Action_Salir.class
com\bryanalexandercd\ProyectoMeii\modelo\entidad\PruebaId.class
com\bryanalexandercd\ProyectoMeii\controlador\C_Action_CotizarIndex.class
com\bryanalexandercd\ProyectoMeii\vista\MantenimientoInsertar.class
com\bryanalexandercd\ProyectoMeii\modelo\entidad\SP_0.class
com\bryanalexandercd\ProyectoMeii\vista\CotizarAgregar$2.class
com\bryanalexandercd\ProyectoMeii\modelo\PaqueteArchivo.class
com\bryanalexandercd\ProyectoMeii\modelo\entidad\Articulo.class
com\bryanalexandercd\ProyectoMeii\modelo\entidad\Documento.class
com\bryanalexandercd\ProyectoMeii\modelo\entidad\VwArticulo.class
com\bryanalexandercd\ProyectoMeii\controlador\C_Action_PrecioAdicional.class
com\bryanalexandercd\ProyectoMeii\controlador\C_Action_UnidadMedida.class
com\bryanalexandercd\ProyectoMeii\vista\MantenimientoEditar$2.class
com\bryanalexandercd\ProyectoMeii\vista\Backup$1$1.class
com\bryanalexandercd\ProyectoMeii\controlador\MovimientoController.class
com\bryanalexandercd\ProyectoMeii\controlador\C_Action_TipoArticuloInsertar.class
com\bryanalexandercd\ProyectoMeii\vista\MantenimientoListar$1.class
com\bryanalexandercd\ProyectoMeii\controlador\C_FiltrarBusqueda.class
com\bryanalexandercd\ProyectoMeii\interfaces\Errores.class
com\bryanalexandercd\ProyectoMeii\controlador\C_Action_ProductoCargar.class
com\bryanalexandercd\ProyectoMeii\vista\ArticuloIndex$AdicionarArticulos.class
com\bryanalexandercd\ProyectoMeii\controlador\C_Action_UnidadMedidaInsertar.class
com\bryanalexandercd\ProyectoMeii\modelo\ConfiguracionGeneral.class
com\bryanalexandercd\ProyectoMeii\modelo\GestorCorreo.class
com\bryanalexandercd\ProyectoMeii\modelo\ParametroSeguro.class
com\bryanalexandercd\ProyectoMeii\vista\ListarAdicional.class
com\bryanalexandercd\ProyectoMeii\controlador\C_Action_ProductoListar.class
com\bryanalexandercd\ProyectoMeii\controlador\C_Action_ClienteListar.class
com\bryanalexandercd\ProyectoMeii\modelo\CargarCombo.class
com\bryanalexandercd\ProyectoMeii\modelo\entidad\Formulario.class
com\bryanalexandercd\ProyectoMeii\controlador\C_Action_TipoArticulo.class
com\bryanalexandercd\ProyectoMeii\vista\CotizarVistaPrevia.class
com\bryanalexandercd\ProyectoMeii\modelo\entidad\VwCotizacionRegistradaId.class
com\bryanalexandercd\ProyectoMeii\modelo\entidad\VwArticuloId.class
com\bryanalexandercd\ProyectoMeii\controlador\C_Action_Empleado.class
com\bryanalexandercd\ProyectoMeii\vista\CotizarAgregar.class
com\bryanalexandercd\ProyectoMeii\controlador\CursoresController.class
com\bryanalexandercd\ProyectoMeii\modelo\CargarTabla.class
com\bryanalexandercd\ProyectoMeii\controlador\C_Action_Producto.class
com\bryanalexandercd\ProyectoMeii\interfaces\Tablas.class
com\bryanalexandercd\ProyectoMeii\controlador\C_Action_PrecioListar.class
com\bryanalexandercd\ProyectoMeii\modelo\R.class
com\bryanalexandercd\ProyectoMeii\vista\CotizarVistaPrevia$ModelArticulos.class
com\bryanalexandercd\ProyectoMeii\modelo\RegistrarFormulario.class
com\bryanalexandercd\ProyectoMeii\vista\Configuracion.class
com\bryanalexandercd\ProyectoMeii\modelo\GestorArchivo.class
com\bryanalexandercd\ProyectoMeii\modelo\entidad\SP_TablaArticulo.class
com\bryanalexandercd\ProyectoMeii\vista\MantenimientoEditar.class
com\bryanalexandercd\ProyectoMeii\vista\MantenimientoInsertar$2.class
com\bryanalexandercd\ProyectoMeii\modelo\entidad\Cotizacion.class
com\bryanalexandercd\ProyectoMeii\modelo\entidad\Archivo.class
com\bryanalexandercd\ProyectoMeii\modelo\Mensaje.class
com\bryanalexandercd\ProyectoMeii\controlador\C_Action_EmpleadoListar.class
com\bryanalexandercd\ProyectoMeii\modelo\entidad\VwReporteCotizacion.class
com\bryanalexandercd\ProyectoMeii\modelo\entidad\VwEmpleadoId.class
com\bryanalexandercd\ProyectoMeii\modelo\entidad\EstadoRrhh.class
com\bryanalexandercd\ProyectoMeii\vista\MantenimientoInsertar$3.class
com\bryanalexandercd\ProyectoMeii\interfaces\Instancias.class
com\bryanalexandercd\ProyectoMeii\controlador\C_Action_UsuarioListar.class
com\bryanalexandercd\ProyectoMeii\modelo\entidad\Usuario.class
com\bryanalexandercd\ProyectoMeii\vista\Emergente.class
com\bryanalexandercd\ProyectoMeii\controlador\C_Action_CargoInsertar.class
com\bryanalexandercd\ProyectoMeii\principal\Main$1.class
com\bryanalexandercd\ProyectoMeii\vista\ArticuloIndex.class
com\bryanalexandercd\ProyectoMeii\vista\MantenimientoListar$3.class
com\bryanalexandercd\ProyectoMeii\vista\ContenedorCotizacion.class
com\bryanalexandercd\ProyectoMeii\interfaces\Estilo.class
com\bryanalexandercd\ProyectoMeii\controlador\C_AjustarCeldas.class
com\bryanalexandercd\ProyectoMeii\modelo\entidad\Cliente.class
com\bryanalexandercd\ProyectoMeii\modelo\entidad\FormularioEstado.class
com\bryanalexandercd\ProyectoMeii\vista\MantenimientoListar.class
com\bryanalexandercd\ProyectoMeii\modelo\entidad\VwEmpleado.class
com\bryanalexandercd\ProyectoMeii\modelo\entidad\NivelAcceso.class
com\bryanalexandercd\ProyectoMeii\modelo\R$1.class
com\bryanalexandercd\ProyectoMeii\vista\ArticuloIndex$4.class
com\bryanalexandercd\ProyectoMeii\controlador\C_Action_DocumentoInsertar.class
com\bryanalexandercd\ProyectoMeii\modelo\entidad\Proveedor.class
com\bryanalexandercd\ProyectoMeii\controlador\C_Action_Proveedor.class
com\bryanalexandercd\ProyectoMeii\controlador\C_Action_ProveedorInsertar.class
com\bryanalexandercd\ProyectoMeii\controlador\C_Action_TipoArticuloListar.class
com\bryanalexandercd\ProyectoMeii\controlador\C_Action_Pedido.class
com\bryanalexandercd\ProyectoMeii\controlador\C_Action_CargoListar.class
com\bryanalexandercd\ProyectoMeii\modelo\entidad\VwCotizacion.class
com\bryanalexandercd\ProyectoMeii\modelo\entidad\Empleado.class
com\bryanalexandercd\ProyectoMeii\vista\ListarAdicional$1.class
com\bryanalexandercd\ProyectoMeii\controlador\C_Action_Documento.class
com\bryanalexandercd\ProyectoMeii\controlador\C_Action_EmpleadoInsertar.class
com\bryanalexandercd\ProyectoMeii\controlador\C_Action_Exportar.class
com\bryanalexandercd\ProyectoMeii\vista\MantenimientoEditar$1.class
com\bryanalexandercd\ProyectoMeii\vista\CotizarIndex$1.class
com\bryanalexandercd\ProyectoMeii\modelo\entidad\VwReporteCotizacionId.class
com\bryanalexandercd\ProyectoMeii\modelo\entidad\VwCotizacionRegistrada.class
com\bryanalexandercd\ProyectoMeii\vista\ListarAdicional$2.class
com\bryanalexandercd\ProyectoMeii\vista\Emergente$1.class
com\bryanalexandercd\ProyectoMeii\vista\Login.class
com\bryanalexandercd\ProyectoMeii\controlador\C_Action_Cotizar.class
com\bryanalexandercd\ProyectoMeii\modelo\ValidarLogin.class
com\bryanalexandercd\ProyectoMeii\vista\ArticuloIndex$2.class
com\bryanalexandercd\ProyectoMeii\controlador\C_Action_Reporte.class
com\bryanalexandercd\ProyectoMeii\controlador\C_Action_PrecioInsertar.class
com\bryanalexandercd\ProyectoMeii\vista\Backup.class
com\bryanalexandercd\ProyectoMeii\controlador\C_Action_CotizarAgregar.class
com\bryanalexandercd\ProyectoMeii\controlador\FiltrarBusqueda.class
com\bryanalexandercd\ProyectoMeii\controlador\C_Action_Articulo.class
com\bryanalexandercd\ProyectoMeii\interfaces\Componente.class
com\bryanalexandercd\ProyectoMeii\modelo\entidad\VwReporteDetalleCotizacionId.class
com\bryanalexandercd\ProyectoMeii\vista\MantenimientoListar$2.class
com\bryanalexandercd\ProyectoMeii\controlador\C_Action_UnidadMedidaListar.class
com\bryanalexandercd\ProyectoMeii\vista\CotizarIndex.class
com\bryanalexandercd\ProyectoMeii\controlador\C_Action_ProductoInsertar.class
com\bryanalexandercd\ProyectoMeii\vista\Correo.class
com\bryanalexandercd\ProyectoMeii\vista\CotizarIndex$2.class
com\bryanalexandercd\ProyectoMeii\modelo\CrearFormulario.class
com\bryanalexandercd\ProyectoMeii\modelo\entidad\Cargo.class
com\bryanalexandercd\ProyectoMeii\vista\BarraMenu.class
com\bryanalexandercd\ProyectoMeii\modelo\entidad\Precio.class
com\bryanalexandercd\ProyectoMeii\principal\Main.class
com\bryanalexandercd\ProyectoMeii\modelo\entidad\Prueba.class
com\bryanalexandercd\ProyectoMeii\controlador\C_Action_Ayuda.class
com\bryanalexandercd\ProyectoMeii\controlador\C_Action_Usuario.class
com\bryanalexandercd\ProyectoMeii\modelo\entidad\VwReporteDetalleCotizacion.class
com\bryanalexandercd\ProyectoMeii\vista\MantenimientoInsertar$1$1.class
com\bryanalexandercd\ProyectoMeii\controlador\C_Action_Cargo.class
com\bryanalexandercd\ProyectoMeii\vista\CotizarVistaPrevia$1.class
com\bryanalexandercd\ProyectoMeii\modelo\Instancia.class
com\bryanalexandercd\ProyectoMeii\modelo\entidad\VwCotizacionId.class
com\bryanalexandercd\ProyectoMeii\controlador\C_Action_ClienteInsertar.class
com\bryanalexandercd\ProyectoMeii\modelo\entidad\FormularioEstadoId.class
com\bryanalexandercd\ProyectoMeii\vista\CargarExcel.class
com\bryanalexandercd\ProyectoMeii\vista\ArticuloIndex$3.class
com\bryanalexandercd\ProyectoMeii\controlador\Abs_Evento.class
com\bryanalexandercd\ProyectoMeii\modelo\entidad\Sysdiagrams.class
com\bryanalexandercd\ProyectoMeii\modelo\entidad\UnidadMedida.class
com\bryanalexandercd\ProyectoMeii\modelo\entidad\TipoArticulo.class
com\bryanalexandercd\ProyectoMeii\modelo\ValidarLogin$1.class
com\bryanalexandercd\ProyectoMeii\controlador\C_Action_UsuarioInsertar.class
