P:\GoogleDrive\Proyecto\MEII\Cliente\ProyectoMeii\src\main\java\com\bryanalexandercd\ProyectoMeii\controlador\C_Action_UnidadMedidaInsertar.java
P:\GoogleDrive\Proyecto\MEII\Cliente\ProyectoMeii\src\main\java\com\bryanalexandercd\ProyectoMeii\controlador\C_Action_ClienteInsertar.java
P:\GoogleDrive\Proyecto\MEII\Cliente\ProyectoMeii\src\main\java\com\bryanalexandercd\ProyectoMeii\modelo\entidad\FormularioEstado.java
P:\GoogleDrive\Proyecto\MEII\Cliente\ProyectoMeii\src\main\java\com\bryanalexandercd\ProyectoMeii\modelo\entidad\SP_0.java
P:\GoogleDrive\Proyecto\MEII\Cliente\ProyectoMeii\src\main\java\com\bryanalexandercd\ProyectoMeii\modelo\entidad\VwCotizacionRegistrada.java
P:\GoogleDrive\Proyecto\MEII\Cliente\ProyectoMeii\src\main\java\com\bryanalexandercd\ProyectoMeii\modelo\entidad\UnidadMedida.java
P:\GoogleDrive\Proyecto\MEII\Cliente\ProyectoMeii\src\main\java\com\bryanalexandercd\ProyectoMeii\modelo\CargarTabla.java
P:\GoogleDrive\Proyecto\MEII\Cliente\ProyectoMeii\src\main\java\com\bryanalexandercd\ProyectoMeii\modelo\entidad\NivelAcceso.java
P:\GoogleDrive\Proyecto\MEII\Cliente\ProyectoMeii\src\main\java\com\bryanalexandercd\ProyectoMeii\controlador\C_Action_ProductoInsertar.java
P:\GoogleDrive\Proyecto\MEII\Cliente\ProyectoMeii\src\main\java\com\bryanalexandercd\ProyectoMeii\controlador\C_Action_UnidadMedidaListar.java
P:\GoogleDrive\Proyecto\MEII\Cliente\ProyectoMeii\src\main\java\com\bryanalexandercd\ProyectoMeii\controlador\C_Action_DocumentoInsertar.java
P:\GoogleDrive\Proyecto\MEII\Cliente\ProyectoMeii\src\main\java\com\bryanalexandercd\ProyectoMeii\modelo\entidad\VwCotizacion.java
P:\GoogleDrive\Proyecto\MEII\Cliente\ProyectoMeii\src\main\java\com\bryanalexandercd\ProyectoMeii\modelo\entidad\VwReporteCotizacionId.java
P:\GoogleDrive\Proyecto\MEII\Cliente\ProyectoMeii\src\main\java\com\bryanalexandercd\ProyectoMeii\vista\MantenimientoListar.java
P:\GoogleDrive\Proyecto\MEII\Cliente\ProyectoMeii\src\main\java\com\bryanalexandercd\ProyectoMeii\controlador\C_Action_Importar.java
P:\GoogleDrive\Proyecto\MEII\Cliente\ProyectoMeii\src\main\java\com\bryanalexandercd\ProyectoMeii\modelo\entidad\TipoArticulo.java
P:\GoogleDrive\Proyecto\MEII\Cliente\ProyectoMeii\src\main\java\com\bryanalexandercd\ProyectoMeii\controlador\C_Action_Cargo.java
P:\GoogleDrive\Proyecto\MEII\Cliente\ProyectoMeii\src\main\java\com\bryanalexandercd\ProyectoMeii\modelo\entidad\VwCotizacionId.java
P:\GoogleDrive\Proyecto\MEII\Cliente\ProyectoMeii\src\main\java\com\bryanalexandercd\ProyectoMeii\controlador\Abs_Evento.java
P:\GoogleDrive\Proyecto\MEII\Cliente\ProyectoMeii\src\main\java\com\bryanalexandercd\ProyectoMeii\controlador\C_Action_Reporte.java
P:\GoogleDrive\Proyecto\MEII\Cliente\ProyectoMeii\src\main\java\com\bryanalexandercd\ProyectoMeii\controlador\C_Action_UsuarioListar.java
P:\GoogleDrive\Proyecto\MEII\Cliente\ProyectoMeii\src\main\java\com\bryanalexandercd\ProyectoMeii\modelo\entidad\VwCotizacionRegistradaId.java
P:\GoogleDrive\Proyecto\MEII\Cliente\ProyectoMeii\src\main\java\com\bryanalexandercd\ProyectoMeii\interfaces\Errores.java
P:\GoogleDrive\Proyecto\MEII\Cliente\ProyectoMeii\src\main\java\com\bryanalexandercd\ProyectoMeii\vista\ListarAdicional.java
P:\GoogleDrive\Proyecto\MEII\Cliente\ProyectoMeii\src\main\java\com\bryanalexandercd\ProyectoMeii\modelo\Reporte.java
P:\GoogleDrive\Proyecto\MEII\Cliente\ProyectoMeii\src\main\java\com\bryanalexandercd\ProyectoMeii\controlador\C_Action_Cliente.java
P:\GoogleDrive\Proyecto\MEII\Cliente\ProyectoMeii\src\main\java\com\bryanalexandercd\ProyectoMeii\modelo\entidad\Archivo.java
P:\GoogleDrive\Proyecto\MEII\Cliente\ProyectoMeii\src\main\java\com\bryanalexandercd\ProyectoMeii\modelo\entidad\VwEmpleado.java
P:\GoogleDrive\Proyecto\MEII\Cliente\ProyectoMeii\src\main\java\com\bryanalexandercd\ProyectoMeii\modelo\entidad\Proveedor.java
P:\GoogleDrive\Proyecto\MEII\Cliente\ProyectoMeii\src\main\java\com\bryanalexandercd\ProyectoMeii\vista\CotizarIndex.java
P:\GoogleDrive\Proyecto\MEII\Cliente\ProyectoMeii\src\main\java\com\bryanalexandercd\ProyectoMeii\controlador\C_Action_TipoArticuloListar.java
P:\GoogleDrive\Proyecto\MEII\Cliente\ProyectoMeii\src\main\java\com\bryanalexandercd\ProyectoMeii\controlador\C_Action_Producto.java
P:\GoogleDrive\Proyecto\MEII\Cliente\ProyectoMeii\src\main\java\com\bryanalexandercd\ProyectoMeii\vista\ArticuloIndex.java
P:\GoogleDrive\Proyecto\MEII\Cliente\ProyectoMeii\src\main\java\com\bryanalexandercd\ProyectoMeii\controlador\C_Action_ClienteListar.java
P:\GoogleDrive\Proyecto\MEII\Cliente\ProyectoMeii\src\main\java\com\bryanalexandercd\ProyectoMeii\modelo\entidad\Usuario.java
P:\GoogleDrive\Proyecto\MEII\Cliente\ProyectoMeii\src\main\java\com\bryanalexandercd\ProyectoMeii\controlador\C_Action_Ayuda.java
P:\GoogleDrive\Proyecto\MEII\Cliente\ProyectoMeii\src\main\java\com\bryanalexandercd\ProyectoMeii\ds\GestionBD.java
P:\GoogleDrive\Proyecto\MEII\Cliente\ProyectoMeii\src\main\java\com\bryanalexandercd\ProyectoMeii\controlador\C_Action_Proveedor.java
P:\GoogleDrive\Proyecto\MEII\Cliente\ProyectoMeii\src\main\java\com\bryanalexandercd\ProyectoMeii\modelo\R.java
P:\GoogleDrive\Proyecto\MEII\Cliente\ProyectoMeii\src\main\java\com\bryanalexandercd\ProyectoMeii\vista\CotizarAgregar.java
P:\GoogleDrive\Proyecto\MEII\Cliente\ProyectoMeii\src\main\java\com\bryanalexandercd\ProyectoMeii\controlador\C_Action_EmpleadoListar.java
P:\GoogleDrive\Proyecto\MEII\Cliente\ProyectoMeii\src\main\java\com\bryanalexandercd\ProyectoMeii\modelo\ParametroSeguro.java
P:\GoogleDrive\Proyecto\MEII\Cliente\ProyectoMeii\src\main\java\com\bryanalexandercd\ProyectoMeii\modelo\entidad\Cotizacion.java
P:\GoogleDrive\Proyecto\MEII\Cliente\ProyectoMeii\src\main\java\com\bryanalexandercd\ProyectoMeii\controlador\C_FiltrarBusqueda.java
P:\GoogleDrive\Proyecto\MEII\Cliente\ProyectoMeii\src\main\java\com\bryanalexandercd\ProyectoMeii\modelo\entidad\Articulo.java
P:\GoogleDrive\Proyecto\MEII\Cliente\ProyectoMeii\src\main\java\com\bryanalexandercd\ProyectoMeii\interfaces\Tablas.java
P:\GoogleDrive\Proyecto\MEII\Cliente\ProyectoMeii\src\main\java\com\bryanalexandercd\ProyectoMeii\vista\Correo.java
P:\GoogleDrive\Proyecto\MEII\Cliente\ProyectoMeii\src\main\java\com\bryanalexandercd\ProyectoMeii\principal\Main.java
P:\GoogleDrive\Proyecto\MEII\Cliente\ProyectoMeii\src\main\java\com\bryanalexandercd\ProyectoMeii\interfaces\Componente.java
P:\GoogleDrive\Proyecto\MEII\Cliente\ProyectoMeii\src\main\java\com\bryanalexandercd\ProyectoMeii\modelo\entidad\Documento.java
P:\GoogleDrive\Proyecto\MEII\Cliente\ProyectoMeii\src\main\java\com\bryanalexandercd\ProyectoMeii\controlador\C_Action_Documento.java
P:\GoogleDrive\Proyecto\MEII\Cliente\ProyectoMeii\src\main\java\com\bryanalexandercd\ProyectoMeii\modelo\entidad\Precio.java
P:\GoogleDrive\Proyecto\MEII\Cliente\ProyectoMeii\src\main\java\com\bryanalexandercd\ProyectoMeii\controlador\C_AjustarCeldas.java
P:\GoogleDrive\Proyecto\MEII\Cliente\ProyectoMeii\src\main\java\com\bryanalexandercd\ProyectoMeii\modelo\entidad\Cliente.java
P:\GoogleDrive\Proyecto\MEII\Cliente\ProyectoMeii\src\main\java\com\bryanalexandercd\ProyectoMeii\modelo\entidad\SP_TablaArticulo.java
P:\GoogleDrive\Proyecto\MEII\Cliente\ProyectoMeii\src\main\java\com\bryanalexandercd\ProyectoMeii\modelo\entidad\PruebaId.java
P:\GoogleDrive\Proyecto\MEII\Cliente\ProyectoMeii\src\main\java\com\bryanalexandercd\ProyectoMeii\controlador\C_Action_Cotizar.java
P:\GoogleDrive\Proyecto\MEII\Cliente\ProyectoMeii\src\main\java\com\bryanalexandercd\ProyectoMeii\controlador\C_Action_ProductoListar.java
P:\GoogleDrive\Proyecto\MEII\Cliente\ProyectoMeii\src\main\java\com\bryanalexandercd\ProyectoMeii\modelo\entidad\Sysdiagrams.java
P:\GoogleDrive\Proyecto\MEII\Cliente\ProyectoMeii\src\main\java\com\bryanalexandercd\ProyectoMeii\modelo\entidad\Cargo.java
P:\GoogleDrive\Proyecto\MEII\Cliente\ProyectoMeii\src\main\java\com\bryanalexandercd\ProyectoMeii\modelo\RegistrarFormulario.java
P:\GoogleDrive\Proyecto\MEII\Cliente\ProyectoMeii\src\main\java\com\bryanalexandercd\ProyectoMeii\vista\MantenimientoInsertar.java
P:\GoogleDrive\Proyecto\MEII\Cliente\ProyectoMeii\src\main\java\com\bryanalexandercd\ProyectoMeii\interfaces\Instancias.java
P:\GoogleDrive\Proyecto\MEII\Cliente\ProyectoMeii\src\main\java\com\bryanalexandercd\ProyectoMeii\vista\BarraMenu.java
P:\GoogleDrive\Proyecto\MEII\Cliente\ProyectoMeii\src\main\java\com\bryanalexandercd\ProyectoMeii\controlador\C_Action_TipoArticuloInsertar.java
P:\GoogleDrive\Proyecto\MEII\Cliente\ProyectoMeii\src\main\java\com\bryanalexandercd\ProyectoMeii\controlador\C_Action_UsuarioInsertar.java
P:\GoogleDrive\Proyecto\MEII\Cliente\ProyectoMeii\src\main\java\com\bryanalexandercd\ProyectoMeii\vista\CotizarVistaPrevia.java
P:\GoogleDrive\Proyecto\MEII\Cliente\ProyectoMeii\src\main\java\com\bryanalexandercd\ProyectoMeii\modelo\ValidarLogin.java
P:\GoogleDrive\Proyecto\MEII\Cliente\ProyectoMeii\src\main\java\com\bryanalexandercd\ProyectoMeii\vista\Emergente.java
P:\GoogleDrive\Proyecto\MEII\Cliente\ProyectoMeii\src\main\java\com\bryanalexandercd\ProyectoMeii\controlador\C_Action_TipoArticulo.java
P:\GoogleDrive\Proyecto\MEII\Cliente\ProyectoMeii\src\main\java\com\bryanalexandercd\ProyectoMeii\controlador\C_Action_ProductoCargar.java
P:\GoogleDrive\Proyecto\MEII\Cliente\ProyectoMeii\src\main\java\com\bryanalexandercd\ProyectoMeii\vista\ContenedorCotizacion.java
P:\GoogleDrive\Proyecto\MEII\Cliente\ProyectoMeii\src\main\java\com\bryanalexandercd\ProyectoMeii\modelo\entidad\VwReporteCotizacion.java
P:\GoogleDrive\Proyecto\MEII\Cliente\ProyectoMeii\src\main\java\com\bryanalexandercd\ProyectoMeii\controlador\C_Action_Semanal.java
P:\GoogleDrive\Proyecto\MEII\Cliente\ProyectoMeii\src\main\java\com\bryanalexandercd\ProyectoMeii\modelo\entidad\EstadoRrhh.java
P:\GoogleDrive\Proyecto\MEII\Cliente\ProyectoMeii\src\main\java\com\bryanalexandercd\ProyectoMeii\controlador\C_Action_Ventas.java
P:\GoogleDrive\Proyecto\MEII\Cliente\ProyectoMeii\src\main\java\com\bryanalexandercd\ProyectoMeii\vista\Backup.java
P:\GoogleDrive\Proyecto\MEII\Cliente\ProyectoMeii\src\main\java\com\bryanalexandercd\ProyectoMeii\controlador\MovimientoController.java
P:\GoogleDrive\Proyecto\MEII\Cliente\ProyectoMeii\src\main\java\com\bryanalexandercd\ProyectoMeii\controlador\C_Action_Empleado.java
P:\GoogleDrive\Proyecto\MEII\Cliente\ProyectoMeii\src\main\java\com\bryanalexandercd\ProyectoMeii\modelo\PaqueteArchivo.java
P:\GoogleDrive\Proyecto\MEII\Cliente\ProyectoMeii\src\main\java\com\bryanalexandercd\ProyectoMeii\vista\Login.java
P:\GoogleDrive\Proyecto\MEII\Cliente\ProyectoMeii\src\main\java\com\bryanalexandercd\ProyectoMeii\controlador\C_Action_DocumentoListar.java
P:\GoogleDrive\Proyecto\MEII\Cliente\ProyectoMeii\src\main\java\com\bryanalexandercd\ProyectoMeii\controlador\C_Action_Mensual.java
P:\GoogleDrive\Proyecto\MEII\Cliente\ProyectoMeii\src\main\java\com\bryanalexandercd\ProyectoMeii\modelo\CargarCombo.java
P:\GoogleDrive\Proyecto\MEII\Cliente\ProyectoMeii\src\main\java\com\bryanalexandercd\ProyectoMeii\controlador\C_Action_PrecioInsertar.java
P:\GoogleDrive\Proyecto\MEII\Cliente\ProyectoMeii\src\main\java\com\bryanalexandercd\ProyectoMeii\modelo\entidad\FormularioEstadoId.java
P:\GoogleDrive\Proyecto\MEII\Cliente\ProyectoMeii\src\main\java\com\bryanalexandercd\ProyectoMeii\controlador\C_Action_UnidadMedida.java
P:\GoogleDrive\Proyecto\MEII\Cliente\ProyectoMeii\src\main\java\com\bryanalexandercd\ProyectoMeii\modelo\entidad\Empleado.java
P:\GoogleDrive\Proyecto\MEII\Cliente\ProyectoMeii\src\main\java\com\bryanalexandercd\ProyectoMeii\controlador\C_Action_ProveedorListar.java
P:\GoogleDrive\Proyecto\MEII\Cliente\ProyectoMeii\src\main\java\com\bryanalexandercd\ProyectoMeii\controlador\C_Action_CargoInsertar.java
P:\GoogleDrive\Proyecto\MEII\Cliente\ProyectoMeii\src\main\java\com\bryanalexandercd\ProyectoMeii\modelo\ConfiguracionGeneral.java
P:\GoogleDrive\Proyecto\MEII\Cliente\ProyectoMeii\src\main\java\com\bryanalexandercd\ProyectoMeii\controlador\C_Action_ProveedorInsertar.java
P:\GoogleDrive\Proyecto\MEII\Cliente\ProyectoMeii\src\main\java\com\bryanalexandercd\ProyectoMeii\modelo\entidad\Prueba.java
P:\GoogleDrive\Proyecto\MEII\Cliente\ProyectoMeii\src\main\java\com\bryanalexandercd\ProyectoMeii\vista\CargarExcel.java
P:\GoogleDrive\Proyecto\MEII\Cliente\ProyectoMeii\src\main\java\com\bryanalexandercd\ProyectoMeii\modelo\entidad\VwReporteDetalleCotizacion.java
P:\GoogleDrive\Proyecto\MEII\Cliente\ProyectoMeii\src\main\java\com\bryanalexandercd\ProyectoMeii\modelo\entidad\VwReporteDetalleCotizacionId.java
P:\GoogleDrive\Proyecto\MEII\Cliente\ProyectoMeii\src\main\java\com\bryanalexandercd\ProyectoMeii\modelo\GestorArchivo.java
P:\GoogleDrive\Proyecto\MEII\Cliente\ProyectoMeii\src\main\java\com\bryanalexandercd\ProyectoMeii\controlador\C_Action_Anual.java
P:\GoogleDrive\Proyecto\MEII\Cliente\ProyectoMeii\src\main\java\com\bryanalexandercd\ProyectoMeii\vista\Configuracion.java
P:\GoogleDrive\Proyecto\MEII\Cliente\ProyectoMeii\src\main\java\com\bryanalexandercd\ProyectoMeii\controlador\C_Action_CotizarIndex.java
P:\GoogleDrive\Proyecto\MEII\Cliente\ProyectoMeii\src\main\java\com\bryanalexandercd\ProyectoMeii\interfaces\Estilo.java
P:\GoogleDrive\Proyecto\MEII\Cliente\ProyectoMeii\src\main\java\com\bryanalexandercd\ProyectoMeii\controlador\C_Action_Usuario.java
P:\GoogleDrive\Proyecto\MEII\Cliente\ProyectoMeii\src\main\java\com\bryanalexandercd\ProyectoMeii\modelo\Instancia.java
P:\GoogleDrive\Proyecto\MEII\Cliente\ProyectoMeii\src\main\java\com\bryanalexandercd\ProyectoMeii\modelo\entidad\Formulario.java
P:\GoogleDrive\Proyecto\MEII\Cliente\ProyectoMeii\src\main\java\com\bryanalexandercd\ProyectoMeii\modelo\Mensaje.java
P:\GoogleDrive\Proyecto\MEII\Cliente\ProyectoMeii\src\main\java\com\bryanalexandercd\ProyectoMeii\modelo\entidad\VwArticulo.java
P:\GoogleDrive\Proyecto\MEII\Cliente\ProyectoMeii\src\main\java\com\bryanalexandercd\ProyectoMeii\modelo\CrearFormulario.java
P:\GoogleDrive\Proyecto\MEII\Cliente\ProyectoMeii\src\main\java\com\bryanalexandercd\ProyectoMeii\modelo\GestorCorreo.java
P:\GoogleDrive\Proyecto\MEII\Cliente\ProyectoMeii\src\main\java\com\bryanalexandercd\ProyectoMeii\modelo\entidad\DetalleCotizacion.java
P:\GoogleDrive\Proyecto\MEII\Cliente\ProyectoMeii\src\main\java\com\bryanalexandercd\ProyectoMeii\controlador\C_Action_Articulo.java
P:\GoogleDrive\Proyecto\MEII\Cliente\ProyectoMeii\src\main\java\com\bryanalexandercd\ProyectoMeii\controlador\C_Action_CargoListar.java
P:\GoogleDrive\Proyecto\MEII\Cliente\ProyectoMeii\src\main\java\com\bryanalexandercd\ProyectoMeii\controlador\C_Action_Configuracion.java
P:\GoogleDrive\Proyecto\MEII\Cliente\ProyectoMeii\src\main\java\com\bryanalexandercd\ProyectoMeii\controlador\FiltrarBusqueda.java
P:\GoogleDrive\Proyecto\MEII\Cliente\ProyectoMeii\src\main\java\com\bryanalexandercd\ProyectoMeii\controlador\C_Action_Exportar.java
P:\GoogleDrive\Proyecto\MEII\Cliente\ProyectoMeii\src\main\java\com\bryanalexandercd\ProyectoMeii\controlador\C_Action_EmpleadoInsertar.java
P:\GoogleDrive\Proyecto\MEII\Cliente\ProyectoMeii\src\main\java\com\bryanalexandercd\ProyectoMeii\modelo\entidad\VwEmpleadoId.java
P:\GoogleDrive\Proyecto\MEII\Cliente\ProyectoMeii\src\main\java\com\bryanalexandercd\ProyectoMeii\controlador\C_Action_Salir.java
P:\GoogleDrive\Proyecto\MEII\Cliente\ProyectoMeii\src\main\java\com\bryanalexandercd\ProyectoMeii\controlador\C_Action_PrecioAdicional.java
P:\GoogleDrive\Proyecto\MEII\Cliente\ProyectoMeii\src\main\java\com\bryanalexandercd\ProyectoMeii\vista\MantenimientoEditar.java
P:\GoogleDrive\Proyecto\MEII\Cliente\ProyectoMeii\src\main\java\com\bryanalexandercd\ProyectoMeii\controlador\C_Action_PrecioListar.java
P:\GoogleDrive\Proyecto\MEII\Cliente\ProyectoMeii\src\main\java\com\bryanalexandercd\ProyectoMeii\controlador\C_Action_CotizarAgregar.java
P:\GoogleDrive\Proyecto\MEII\Cliente\ProyectoMeii\src\main\java\com\bryanalexandercd\ProyectoMeii\modelo\entidad\VwArticuloId.java
P:\GoogleDrive\Proyecto\MEII\Cliente\ProyectoMeii\src\main\java\com\bryanalexandercd\ProyectoMeii\controlador\CursoresController.java
P:\GoogleDrive\Proyecto\MEII\Cliente\ProyectoMeii\src\main\java\com\bryanalexandercd\ProyectoMeii\controlador\C_Action_Pedido.java
