com\bryanalexandercd\ProyectoMeii\modelo\ConfiguracionGeneral.class
com\bryanalexandercd\ProyectoMeii\modelo\entidad\Usuario.class
com\bryanalexandercd\ProyectoMeii\modelo\ParametroSeguro.class
com\bryanalexandercd\ProyectoMeii\modelo\entidad\Formulario.class
com\bryanalexandercd\ProyectoMeii\principal\Servidor.class
com\bryanalexandercd\ProyectoMeii\interfaces\Estilo.class
com\bryanalexandercd\ProyectoMeii\modelo\entidad\VwCotizacionRegistradaId.class
com\bryanalexandercd\ProyectoMeii\modelo\entidad\DetalleCotizacion.class
com\bryanalexandercd\ProyectoMeii\modelo\entidad\Cliente.class
com\bryanalexandercd\ProyectoMeii\modelo\entidad\FormularioEstado.class
com\bryanalexandercd\ProyectoMeii\ds\GestionBD.class
com\bryanalexandercd\ProyectoMeii\modelo\entidad\VwArticuloId.class
com\bryanalexandercd\ProyectoMeii\modelo\entidad\VwEmpleado.class
com\bryanalexandercd\ProyectoMeii\modelo\entidad\VwReporteDetalleCotizacionId.class
com\bryanalexandercd\ProyectoMeii\modelo\entidad\NivelAcceso.class
com\bryanalexandercd\ProyectoMeii\modelo\entidad\Cargo.class
com\bryanalexandercd\ProyectoMeii\modelo\entidad\Precio.class
com\bryanalexandercd\ProyectoMeii\modelo\entidad\Proveedor.class
com\bryanalexandercd\ProyectoMeii\modelo\entidad\Prueba.class
com\bryanalexandercd\ProyectoMeii\modelo\entidad\PruebaId.class
com\bryanalexandercd\ProyectoMeii\interfaces\Tablas.class
com\bryanalexandercd\ProyectoMeii\modelo\entidad\VwReporteDetalleCotizacion.class
com\bryanalexandercd\ProyectoMeii\modelo\entidad\VwCotizacion.class
com\bryanalexandercd\ProyectoMeii\modelo\entidad\Empleado.class
com\bryanalexandercd\ProyectoMeii\modelo\R.class
com\bryanalexandercd\ProyectoMeii\modelo\entidad\SP_0.class
com\bryanalexandercd\ProyectoMeii\modelo\GestorArchivo.class
com\bryanalexandercd\ProyectoMeii\modelo\entidad\SP_TablaArticulo.class
com\bryanalexandercd\ProyectoMeii\interfaces\Conexion.class
com\bryanalexandercd\ProyectoMeii\modelo\entidad\Articulo.class
com\bryanalexandercd\ProyectoMeii\modelo\entidad\Documento.class
com\bryanalexandercd\ProyectoMeii\modelo\entidad\VwArticulo.class
com\bryanalexandercd\ProyectoMeii\modelo\entidad\Cotizacion.class
com\bryanalexandercd\ProyectoMeii\modelo\entidad\VwCotizacionId.class
com\bryanalexandercd\ProyectoMeii\modelo\entidad\VwReporteCotizacionId.class
com\bryanalexandercd\ProyectoMeii\modelo\entidad\Archivo.class
com\bryanalexandercd\ProyectoMeii\modelo\entidad\FormularioEstadoId.class
com\bryanalexandercd\ProyectoMeii\modelo\Backup.class
com\bryanalexandercd\ProyectoMeii\modelo\Mensaje.class
com\bryanalexandercd\ProyectoMeii\modelo\entidad\VwCotizacionRegistrada.class
com\bryanalexandercd\ProyectoMeii\modelo\entidad\VwReporteCotizacion.class
com\bryanalexandercd\ProyectoMeii\modelo\entidad\VwEmpleadoId.class
com\bryanalexandercd\ProyectoMeii\modelo\entidad\Sysdiagrams.class
com\bryanalexandercd\ProyectoMeii\modelo\entidad\UnidadMedida.class
com\bryanalexandercd\ProyectoMeii\interfaces\Errores.class
com\bryanalexandercd\ProyectoMeii\modelo\entidad\EstadoRrhh.class
com\bryanalexandercd\ProyectoMeii\modelo\entidad\TipoArticulo.class
com\bryanalexandercd\ProyectoMeii\interfaces\Instancias.class
