Z:\Servidor\ServidorMeii\src\main\java\com\bryanalexandercd\ProyectoMeii\modelo\entidad\Formulario.java
Z:\Servidor\ServidorMeii\src\main\java\com\bryanalexandercd\ProyectoMeii\modelo\entidad\VwCotizacion.java
Z:\Servidor\ServidorMeii\src\main\java\com\bryanalexandercd\ProyectoMeii\interfaces\Errores.java
Z:\Servidor\ServidorMeii\src\main\java\com\bryanalexandercd\ProyectoMeii\modelo\entidad\FormularioEstadoId.java
Z:\Servidor\ServidorMeii\src\main\java\com\bryanalexandercd\ProyectoMeii\modelo\entidad\SP_0.java
Z:\Servidor\ServidorMeii\src\main\java\com\bryanalexandercd\ProyectoMeii\modelo\entidad\VwEmpleado.java
Z:\Servidor\ServidorMeii\src\main\java\com\bryanalexandercd\ProyectoMeii\modelo\entidad\Cliente.java
Z:\Servidor\ServidorMeii\src\main\java\com\bryanalexandercd\ProyectoMeii\modelo\entidad\TipoArticulo.java
Z:\Servidor\ServidorMeii\src\main\java\com\bryanalexandercd\ProyectoMeii\modelo\entidad\Usuario.java
Z:\Servidor\ServidorMeii\src\main\java\com\bryanalexandercd\ProyectoMeii\modelo\entidad\VwEmpleadoId.java
Z:\Servidor\ServidorMeii\src\main\java\com\bryanalexandercd\ProyectoMeii\interfaces\Conexion.java
Z:\Servidor\ServidorMeii\src\main\java\com\bryanalexandercd\ProyectoMeii\modelo\entidad\Archivo.java
Z:\Servidor\ServidorMeii\src\main\java\com\bryanalexandercd\ProyectoMeii\modelo\entidad\NivelAcceso.java
Z:\Servidor\ServidorMeii\src\main\java\com\bryanalexandercd\ProyectoMeii\modelo\entidad\Proveedor.java
Z:\Servidor\ServidorMeii\src\main\java\com\bryanalexandercd\ProyectoMeii\modelo\entidad\VwCotizacionRegistradaId.java
Z:\Servidor\ServidorMeii\src\main\java\com\bryanalexandercd\ProyectoMeii\modelo\GestorArchivo.java
Z:\Servidor\ServidorMeii\src\main\java\com\bryanalexandercd\ProyectoMeii\modelo\R.java
Z:\Servidor\ServidorMeii\src\main\java\com\bryanalexandercd\ProyectoMeii\modelo\entidad\Precio.java
Z:\Servidor\ServidorMeii\src\main\java\com\bryanalexandercd\ProyectoMeii\principal\Servidor.java
Z:\Servidor\ServidorMeii\src\main\java\com\bryanalexandercd\ProyectoMeii\modelo\entidad\Articulo.java
Z:\Servidor\ServidorMeii\src\main\java\com\bryanalexandercd\ProyectoMeii\interfaces\Tablas.java
Z:\Servidor\ServidorMeii\src\main\java\com\bryanalexandercd\ProyectoMeii\modelo\entidad\VwReporteDetalleCotizacion.java
Z:\Servidor\ServidorMeii\src\main\java\com\bryanalexandercd\ProyectoMeii\modelo\entidad\Cargo.java
Z:\Servidor\ServidorMeii\src\main\java\com\bryanalexandercd\ProyectoMeii\modelo\entidad\Documento.java
Z:\Servidor\ServidorMeii\src\main\java\com\bryanalexandercd\ProyectoMeii\modelo\entidad\EstadoRrhh.java
Z:\Servidor\ServidorMeii\src\main\java\com\bryanalexandercd\ProyectoMeii\modelo\entidad\VwReporteCotizacion.java
Z:\Servidor\ServidorMeii\src\main\java\com\bryanalexandercd\ProyectoMeii\modelo\entidad\SP_TablaArticulo.java
Z:\Servidor\ServidorMeii\src\main\java\com\bryanalexandercd\ProyectoMeii\modelo\entidad\UnidadMedida.java
Z:\Servidor\ServidorMeii\src\main\java\com\bryanalexandercd\ProyectoMeii\modelo\entidad\Prueba.java
Z:\Servidor\ServidorMeii\src\main\java\com\bryanalexandercd\ProyectoMeii\modelo\Backup.java
Z:\Servidor\ServidorMeii\src\main\java\com\bryanalexandercd\ProyectoMeii\modelo\entidad\VwReporteCotizacionId.java
Z:\Servidor\ServidorMeii\src\main\java\com\bryanalexandercd\ProyectoMeii\modelo\entidad\VwArticulo.java
Z:\Servidor\ServidorMeii\src\main\java\com\bryanalexandercd\ProyectoMeii\interfaces\Estilo.java
Z:\Servidor\ServidorMeii\src\main\java\com\bryanalexandercd\ProyectoMeii\modelo\entidad\Empleado.java
Z:\Servidor\ServidorMeii\src\main\java\com\bryanalexandercd\ProyectoMeii\modelo\entidad\FormularioEstado.java
Z:\Servidor\ServidorMeii\src\main\java\com\bryanalexandercd\ProyectoMeii\modelo\entidad\PruebaId.java
Z:\Servidor\ServidorMeii\src\main\java\com\bryanalexandercd\ProyectoMeii\modelo\entidad\VwCotizacionRegistrada.java
Z:\Servidor\ServidorMeii\src\main\java\com\bryanalexandercd\ProyectoMeii\modelo\entidad\VwReporteDetalleCotizacionId.java
Z:\Servidor\ServidorMeii\src\main\java\com\bryanalexandercd\ProyectoMeii\modelo\Mensaje.java
Z:\Servidor\ServidorMeii\src\main\java\com\bryanalexandercd\ProyectoMeii\interfaces\Instancias.java
Z:\Servidor\ServidorMeii\src\main\java\com\bryanalexandercd\ProyectoMeii\modelo\entidad\VwArticuloId.java
Z:\Servidor\ServidorMeii\src\main\java\com\bryanalexandercd\ProyectoMeii\ds\GestionBD.java
Z:\Servidor\ServidorMeii\src\main\java\com\bryanalexandercd\ProyectoMeii\modelo\entidad\VwCotizacionId.java
Z:\Servidor\ServidorMeii\src\main\java\com\bryanalexandercd\ProyectoMeii\modelo\entidad\DetalleCotizacion.java
Z:\Servidor\ServidorMeii\src\main\java\com\bryanalexandercd\ProyectoMeii\modelo\entidad\Sysdiagrams.java
Z:\Servidor\ServidorMeii\src\main\java\com\bryanalexandercd\ProyectoMeii\modelo\ConfiguracionGeneral.java
Z:\Servidor\ServidorMeii\src\main\java\com\bryanalexandercd\ProyectoMeii\modelo\entidad\Cotizacion.java
